../Src/flash_driver.c:23:15:flash_ex_erase	24	static
../Src/flash_driver.c:75:6:flash_sector_erase	24	static
../Src/flash_driver.c:110:6:flash_mass_erase	16	static
../Src/flash_driver.c:121:16:flash_wait_for_last_operation	24	static
../Src/flash_driver.c:151:15:flash_program	32	static
../Src/flash_driver.c:188:6:flash_program_byte	16	static
../Src/flash_driver.c:203:6:flash_program_halfword	16	static
../Src/flash_driver.c:218:6:flash_program_word	16	static
../Src/flash_driver.c:233:6:flash_program_doubleword	24	static,ignoring_inline_asm
../Src/flash_driver.c:254:13:flush_caches	4	static
../Src/flash_driver.c:288:15:flash_unlock	16	static
../Src/flash_driver.c:309:15:flash_lock	4	static
../Src/flash_driver.c:316:10:flash_get_error	4	static
../Src/flash_driver.c:321:17:get_sector	24	static
../Src/flash_driver.c:365:10:flash_write_data_byte	72	static
../Src/flash_driver.c:408:10:flash_write_data	72	static
../Src/flash_driver.c:455:6:flash_read_data	24	static
../Src/flash_driver.c:473:6:float_to_bytes	24	static
../Src/flash_driver.c:489:7:bytes_to_float	32	static
../Src/flash_driver.c:507:7:get_str	40	static
../Src/flash_driver.c:522:7:flash_write_num	16	static
../Src/flash_driver.c:528:8:flash_read_num	24	static
../Src/flash_driver.c:545:7:flash_write_to_addr	32	static
